// Jest Snapshot v1, https://goo.gl/fbAQLP

exports[`<base-label /> matches wrapper snapshot 1`] = `"<label data-server-rendered=\\"true\\" class=\\"base-label\\">BaseLabel</label>"`;
