// Jest Snapshot v1, https://goo.gl/fbAQLP

exports[`<base-checkbox /> matches wrapper snapshot 1`] = `"<input type=\\"checkbox\\" data-server-rendered=\\"true\\" class=\\"base-checkbox\\">"`;
