// Jest Snapshot v1, https://goo.gl/fbAQLP

exports[`<example /> matches wrapper snapshot: Component mount 1`] = `[Function]`;
