// Jest Snapshot v1, https://goo.gl/fbAQLP

exports[`<base-radio /> matches wrapper snapshot 1`] = `"<input type=\\"radio\\" data-server-rendered=\\"true\\" class=\\"base-radio\\">"`;
