// Jest Snapshot v1, https://goo.gl/fbAQLP

exports[`<base-submit /> matches wrapper snapshot 1`] = `"<button type=\\"submit\\" data-server-rendered=\\"true\\" class=\\"base-submit\\">BaseSubmit</button>"`;
