// Jest Snapshot v1, https://goo.gl/fbAQLP

exports[`<base-button /> matches wrapper snapshot 1`] = `"<button data-server-rendered=\\"true\\" class=\\"base-button\\">BaseButton</button>"`;
